MPLINK 4.49, Linker
Linker Map File - Created Tue Nov 24 21:01:17 2020

                                 Section Info
                  Section       Type    Address   Location Size(Bytes)
                ---------  ---------  ---------  ---------  ---------
                   .org_0       code   0x000000    program   0x000004
                   .cinit    romdata   0x000004    program   0x000002
                   .org_1       code   0x000008    program   0x000002
                   .org_2       code   0x000018    program   0x0003d6



                              Program Memory Usage 
                               Start         End      
                           ---------   ---------      
                            0x000000    0x000005      
                            0x000008    0x000009      
                            0x000018    0x0003ed      
            990 out of 33048 program addresses used, program memory utilization is 2%



                              Symbols - Sorted by Name
                     Name    Address   Location    Storage File                     
                ---------  ---------  ---------  --------- ---------                
                   again1   0x00001e    program     static C:\Users\Haziq\Documents\Microcontroller\Mini Project\Miniproject.asm
                   again2   0x000022    program     static C:\Users\Haziq\Documents\Microcontroller\Mini Project\Miniproject.asm
                   check0   0x000254    program     static C:\Users\Haziq\Documents\Microcontroller\Mini Project\Miniproject.asm
                   check1   0x0001d6    program     static C:\Users\Haziq\Documents\Microcontroller\Mini Project\Miniproject.asm
                   check2   0x0001e0    program     static C:\Users\Haziq\Documents\Microcontroller\Mini Project\Miniproject.asm
                   check3   0x0001ea    program     static C:\Users\Haziq\Documents\Microcontroller\Mini Project\Miniproject.asm
                   check4   0x0001f4    program     static C:\Users\Haziq\Documents\Microcontroller\Mini Project\Miniproject.asm
                   check5   0x000200    program     static C:\Users\Haziq\Documents\Microcontroller\Mini Project\Miniproject.asm
                   check6   0x00020c    program     static C:\Users\Haziq\Documents\Microcontroller\Mini Project\Miniproject.asm
                   check7   0x000218    program     static C:\Users\Haziq\Documents\Microcontroller\Mini Project\Miniproject.asm
                   check8   0x000226    program     static C:\Users\Haziq\Documents\Microcontroller\Mini Project\Miniproject.asm
                   check9   0x000234    program     static C:\Users\Haziq\Documents\Microcontroller\Mini Project\Miniproject.asm
                checksym1   0x000244    program     static C:\Users\Haziq\Documents\Microcontroller\Mini Project\Miniproject.asm
                checksym2   0x000264    program     static C:\Users\Haziq\Documents\Microcontroller\Mini Project\Miniproject.asm
                 cleardis   0x000080    program     static C:\Users\Haziq\Documents\Microcontroller\Mini Project\Miniproject.asm
               cnfg2lines   0x00006c    program     static C:\Users\Haziq\Documents\Microcontroller\Mini Project\Miniproject.asm
                  cnfglcd   0x000050    program     static C:\Users\Haziq\Documents\Microcontroller\Mini Project\Miniproject.asm
                    delay   0x00001a    program     static C:\Users\Haziq\Documents\Microcontroller\Mini Project\Miniproject.asm
                 disblink   0x000076    program     static C:\Users\Haziq\Documents\Microcontroller\Mini Project\Miniproject.asm
                      id0   0x000134    program     static C:\Users\Haziq\Documents\Microcontroller\Mini Project\Miniproject.asm
                      id2   0x00012a    program     static C:\Users\Haziq\Documents\Microcontroller\Mini Project\Miniproject.asm
                      id7   0x000120    program     static C:\Users\Haziq\Documents\Microcontroller\Mini Project\Miniproject.asm
                      id9   0x000116    program     static C:\Users\Haziq\Documents\Microcontroller\Mini Project\Miniproject.asm
                      idD   0x000102    program     static C:\Users\Haziq\Documents\Microcontroller\Mini Project\Miniproject.asm
                      idE   0x00010c    program     static C:\Users\Haziq\Documents\Microcontroller\Mini Project\Miniproject.asm
                  keypad0   0x0003c2    program     static C:\Users\Haziq\Documents\Microcontroller\Mini Project\Miniproject.asm
                  keypad1   0x0002e6    program     static C:\Users\Haziq\Documents\Microcontroller\Mini Project\Miniproject.asm
                  keypad2   0x0002fc    program     static C:\Users\Haziq\Documents\Microcontroller\Mini Project\Miniproject.asm
                  keypad3   0x000312    program     static C:\Users\Haziq\Documents\Microcontroller\Mini Project\Miniproject.asm
                  keypad4   0x000328    program     static C:\Users\Haziq\Documents\Microcontroller\Mini Project\Miniproject.asm
                  keypad5   0x00033e    program     static C:\Users\Haziq\Documents\Microcontroller\Mini Project\Miniproject.asm
                  keypad6   0x000354    program     static C:\Users\Haziq\Documents\Microcontroller\Mini Project\Miniproject.asm
                  keypad7   0x00036a    program     static C:\Users\Haziq\Documents\Microcontroller\Mini Project\Miniproject.asm
                  keypad8   0x000380    program     static C:\Users\Haziq\Documents\Microcontroller\Mini Project\Miniproject.asm
                  keypad9   0x000396    program     static C:\Users\Haziq\Documents\Microcontroller\Mini Project\Miniproject.asm
               keypadsym1   0x0003ac    program     static C:\Users\Haziq\Documents\Microcontroller\Mini Project\Miniproject.asm
               keypadsym2   0x0003d8    program     static C:\Users\Haziq\Documents\Microcontroller\Mini Project\Miniproject.asm
                     lcd1   0x000276    program     static C:\Users\Haziq\Documents\Microcontroller\Mini Project\Miniproject.asm
                     lcd2   0x0002bc    program     static C:\Users\Haziq\Documents\Microcontroller\Mini Project\Miniproject.asm
                    nameH   0x0000d0    program     static C:\Users\Haziq\Documents\Microcontroller\Mini Project\Miniproject.asm
                    nameM   0x000094    program     static C:\Users\Haziq\Documents\Microcontroller\Mini Project\Miniproject.asm
                    namea   0x0000b2    program     static C:\Users\Haziq\Documents\Microcontroller\Mini Project\Miniproject.asm
                    named   0x0000c6    program     static C:\Users\Haziq\Documents\Microcontroller\Mini Project\Miniproject.asm
                    nameh   0x0000a8    program     static C:\Users\Haziq\Documents\Microcontroller\Mini Project\Miniproject.asm
                    namei   0x0000e4    program     static C:\Users\Haziq\Documents\Microcontroller\Mini Project\Miniproject.asm
                    namem   0x0000bc    program     static C:\Users\Haziq\Documents\Microcontroller\Mini Project\Miniproject.asm
                    nameq   0x0000ee    program     static C:\Users\Haziq\Documents\Microcontroller\Mini Project\Miniproject.asm
                namespace   0x0000f8    program     static C:\Users\Haziq\Documents\Microcontroller\Mini Project\Miniproject.asm
                    nameu   0x00009e    program     static C:\Users\Haziq\Documents\Microcontroller\Mini Project\Miniproject.asm
                    namez   0x0000da    program     static C:\Users\Haziq\Documents\Microcontroller\Mini Project\Miniproject.asm
                     num0   0x00013e    program     static C:\Users\Haziq\Documents\Microcontroller\Mini Project\Miniproject.asm
                     num1   0x000148    program     static C:\Users\Haziq\Documents\Microcontroller\Mini Project\Miniproject.asm
                     num2   0x000152    program     static C:\Users\Haziq\Documents\Microcontroller\Mini Project\Miniproject.asm
                     num3   0x00015c    program     static C:\Users\Haziq\Documents\Microcontroller\Mini Project\Miniproject.asm
                     num4   0x000166    program     static C:\Users\Haziq\Documents\Microcontroller\Mini Project\Miniproject.asm
                     num5   0x000170    program     static C:\Users\Haziq\Documents\Microcontroller\Mini Project\Miniproject.asm
                     num6   0x00017a    program     static C:\Users\Haziq\Documents\Microcontroller\Mini Project\Miniproject.asm
                     num7   0x000184    program     static C:\Users\Haziq\Documents\Microcontroller\Mini Project\Miniproject.asm
                     num8   0x00018e    program     static C:\Users\Haziq\Documents\Microcontroller\Mini Project\Miniproject.asm
                     num9   0x000198    program     static C:\Users\Haziq\Documents\Microcontroller\Mini Project\Miniproject.asm
                  numsym1   0x0001a2    program     static C:\Users\Haziq\Documents\Microcontroller\Mini Project\Miniproject.asm
                  numsym2   0x0001ac    program     static C:\Users\Haziq\Documents\Microcontroller\Mini Project\Miniproject.asm
                  secline   0x00008a    program     static C:\Users\Haziq\Documents\Microcontroller\Mini Project\Miniproject.asm
               sendatalcd   0x00005e    program     static C:\Users\Haziq\Documents\Microcontroller\Mini Project\Miniproject.asm
                     set1   0x0001ce    program     static C:\Users\Haziq\Documents\Microcontroller\Mini Project\Miniproject.asm
                     set2   0x0001d2    program     static C:\Users\Haziq\Documents\Microcontroller\Mini Project\Miniproject.asm
                    start   0x0001b6    program     static C:\Users\Haziq\Documents\Microcontroller\Mini Project\Miniproject.asm



                              Symbols - Sorted by Address
                     Name    Address   Location    Storage File                     
                ---------  ---------  ---------  --------- ---------                
                    delay   0x00001a    program     static C:\Users\Haziq\Documents\Microcontroller\Mini Project\Miniproject.asm
                   again1   0x00001e    program     static C:\Users\Haziq\Documents\Microcontroller\Mini Project\Miniproject.asm
                   again2   0x000022    program     static C:\Users\Haziq\Documents\Microcontroller\Mini Project\Miniproject.asm
                  cnfglcd   0x000050    program     static C:\Users\Haziq\Documents\Microcontroller\Mini Project\Miniproject.asm
               sendatalcd   0x00005e    program     static C:\Users\Haziq\Documents\Microcontroller\Mini Project\Miniproject.asm
               cnfg2lines   0x00006c    program     static C:\Users\Haziq\Documents\Microcontroller\Mini Project\Miniproject.asm
                 disblink   0x000076    program     static C:\Users\Haziq\Documents\Microcontroller\Mini Project\Miniproject.asm
                 cleardis   0x000080    program     static C:\Users\Haziq\Documents\Microcontroller\Mini Project\Miniproject.asm
                  secline   0x00008a    program     static C:\Users\Haziq\Documents\Microcontroller\Mini Project\Miniproject.asm
                    nameM   0x000094    program     static C:\Users\Haziq\Documents\Microcontroller\Mini Project\Miniproject.asm
                    nameu   0x00009e    program     static C:\Users\Haziq\Documents\Microcontroller\Mini Project\Miniproject.asm
                    nameh   0x0000a8    program     static C:\Users\Haziq\Documents\Microcontroller\Mini Project\Miniproject.asm
                    namea   0x0000b2    program     static C:\Users\Haziq\Documents\Microcontroller\Mini Project\Miniproject.asm
                    namem   0x0000bc    program     static C:\Users\Haziq\Documents\Microcontroller\Mini Project\Miniproject.asm
                    named   0x0000c6    program     static C:\Users\Haziq\Documents\Microcontroller\Mini Project\Miniproject.asm
                    nameH   0x0000d0    program     static C:\Users\Haziq\Documents\Microcontroller\Mini Project\Miniproject.asm
                    namez   0x0000da    program     static C:\Users\Haziq\Documents\Microcontroller\Mini Project\Miniproject.asm
                    namei   0x0000e4    program     static C:\Users\Haziq\Documents\Microcontroller\Mini Project\Miniproject.asm
                    nameq   0x0000ee    program     static C:\Users\Haziq\Documents\Microcontroller\Mini Project\Miniproject.asm
                namespace   0x0000f8    program     static C:\Users\Haziq\Documents\Microcontroller\Mini Project\Miniproject.asm
                      idD   0x000102    program     static C:\Users\Haziq\Documents\Microcontroller\Mini Project\Miniproject.asm
                      idE   0x00010c    program     static C:\Users\Haziq\Documents\Microcontroller\Mini Project\Miniproject.asm
                      id9   0x000116    program     static C:\Users\Haziq\Documents\Microcontroller\Mini Project\Miniproject.asm
                      id7   0x000120    program     static C:\Users\Haziq\Documents\Microcontroller\Mini Project\Miniproject.asm
                      id2   0x00012a    program     static C:\Users\Haziq\Documents\Microcontroller\Mini Project\Miniproject.asm
                      id0   0x000134    program     static C:\Users\Haziq\Documents\Microcontroller\Mini Project\Miniproject.asm
                     num0   0x00013e    program     static C:\Users\Haziq\Documents\Microcontroller\Mini Project\Miniproject.asm
                     num1   0x000148    program     static C:\Users\Haziq\Documents\Microcontroller\Mini Project\Miniproject.asm
                     num2   0x000152    program     static C:\Users\Haziq\Documents\Microcontroller\Mini Project\Miniproject.asm
                     num3   0x00015c    program     static C:\Users\Haziq\Documents\Microcontroller\Mini Project\Miniproject.asm
                     num4   0x000166    program     static C:\Users\Haziq\Documents\Microcontroller\Mini Project\Miniproject.asm
                     num5   0x000170    program     static C:\Users\Haziq\Documents\Microcontroller\Mini Project\Miniproject.asm
                     num6   0x00017a    program     static C:\Users\Haziq\Documents\Microcontroller\Mini Project\Miniproject.asm
                     num7   0x000184    program     static C:\Users\Haziq\Documents\Microcontroller\Mini Project\Miniproject.asm
                     num8   0x00018e    program     static C:\Users\Haziq\Documents\Microcontroller\Mini Project\Miniproject.asm
                     num9   0x000198    program     static C:\Users\Haziq\Documents\Microcontroller\Mini Project\Miniproject.asm
                  numsym1   0x0001a2    program     static C:\Users\Haziq\Documents\Microcontroller\Mini Project\Miniproject.asm
                  numsym2   0x0001ac    program     static C:\Users\Haziq\Documents\Microcontroller\Mini Project\Miniproject.asm
                    start   0x0001b6    program     static C:\Users\Haziq\Documents\Microcontroller\Mini Project\Miniproject.asm
                     set1   0x0001ce    program     static C:\Users\Haziq\Documents\Microcontroller\Mini Project\Miniproject.asm
                     set2   0x0001d2    program     static C:\Users\Haziq\Documents\Microcontroller\Mini Project\Miniproject.asm
                   check1   0x0001d6    program     static C:\Users\Haziq\Documents\Microcontroller\Mini Project\Miniproject.asm
                   check2   0x0001e0    program     static C:\Users\Haziq\Documents\Microcontroller\Mini Project\Miniproject.asm
                   check3   0x0001ea    program     static C:\Users\Haziq\Documents\Microcontroller\Mini Project\Miniproject.asm
                   check4   0x0001f4    program     static C:\Users\Haziq\Documents\Microcontroller\Mini Project\Miniproject.asm
                   check5   0x000200    program     static C:\Users\Haziq\Documents\Microcontroller\Mini Project\Miniproject.asm
                   check6   0x00020c    program     static C:\Users\Haziq\Documents\Microcontroller\Mini Project\Miniproject.asm
                   check7   0x000218    program     static C:\Users\Haziq\Documents\Microcontroller\Mini Project\Miniproject.asm
                   check8   0x000226    program     static C:\Users\Haziq\Documents\Microcontroller\Mini Project\Miniproject.asm
                   check9   0x000234    program     static C:\Users\Haziq\Documents\Microcontroller\Mini Project\Miniproject.asm
                checksym1   0x000244    program     static C:\Users\Haziq\Documents\Microcontroller\Mini Project\Miniproject.asm
                   check0   0x000254    program     static C:\Users\Haziq\Documents\Microcontroller\Mini Project\Miniproject.asm
                checksym2   0x000264    program     static C:\Users\Haziq\Documents\Microcontroller\Mini Project\Miniproject.asm
                     lcd1   0x000276    program     static C:\Users\Haziq\Documents\Microcontroller\Mini Project\Miniproject.asm
                     lcd2   0x0002bc    program     static C:\Users\Haziq\Documents\Microcontroller\Mini Project\Miniproject.asm
                  keypad1   0x0002e6    program     static C:\Users\Haziq\Documents\Microcontroller\Mini Project\Miniproject.asm
                  keypad2   0x0002fc    program     static C:\Users\Haziq\Documents\Microcontroller\Mini Project\Miniproject.asm
                  keypad3   0x000312    program     static C:\Users\Haziq\Documents\Microcontroller\Mini Project\Miniproject.asm
                  keypad4   0x000328    program     static C:\Users\Haziq\Documents\Microcontroller\Mini Project\Miniproject.asm
                  keypad5   0x00033e    program     static C:\Users\Haziq\Documents\Microcontroller\Mini Project\Miniproject.asm
                  keypad6   0x000354    program     static C:\Users\Haziq\Documents\Microcontroller\Mini Project\Miniproject.asm
                  keypad7   0x00036a    program     static C:\Users\Haziq\Documents\Microcontroller\Mini Project\Miniproject.asm
                  keypad8   0x000380    program     static C:\Users\Haziq\Documents\Microcontroller\Mini Project\Miniproject.asm
                  keypad9   0x000396    program     static C:\Users\Haziq\Documents\Microcontroller\Mini Project\Miniproject.asm
               keypadsym1   0x0003ac    program     static C:\Users\Haziq\Documents\Microcontroller\Mini Project\Miniproject.asm
                  keypad0   0x0003c2    program     static C:\Users\Haziq\Documents\Microcontroller\Mini Project\Miniproject.asm
               keypadsym2   0x0003d8    program     static C:\Users\Haziq\Documents\Microcontroller\Mini Project\Miniproject.asm


